[21.06.26 12:21:45][main.py][89]> D: ------------------------------------------------------------------
[21.06.26 12:23:22][main.py][89]> D: ------------------------------------------------------------------
[21.06.26 12:23:22][main.py][118]> I: Загружаю конфиг _main.cfg...
[21.06.26 12:23:22][main.py][123]> I: Загружаю конфиг auto_response.cfg...
[21.06.26 12:23:22][main.py][127]> I: Загружаю конфиг auto_delivery.cfg...
[21.06.26 12:23:22][cardinal.py][850]> I: Хэндлеры из handlers.py зарегистрированы.
[21.06.26 12:23:22][cardinal.py][850]> I: Хэндлеры из announcements.py зарегистрированы.
[21.06.26 12:23:22][cardinal.py][806]> I: Плагины не обнаружены.
[21.06.26 12:23:22][bot.py][1263]> I: Telegram бот инициализирован.
[21.06.26 12:23:22][cardinal.py][850]> I: Хэндлеры из tg_bot.auto_response_cp.py зарегистрированы.
[21.06.26 12:23:22][cardinal.py][850]> I: Хэндлеры из tg_bot.auto_delivery_cp.py зарегистрированы.
[21.06.26 12:23:22][cardinal.py][850]> I: Хэндлеры из tg_bot.config_loader_cp.py зарегистрированы.
[21.06.26 12:23:22][cardinal.py][850]> I: Хэндлеры из tg_bot.templates_cp.py зарегистрированы.
[21.06.26 12:23:22][cardinal.py][850]> I: Хэндлеры из tg_bot.plugins_cp.py зарегистрированы.
[21.06.26 12:23:22][cardinal.py][850]> I: Хэндлеры из tg_bot.file_uploader.py зарегистрированы.
[21.06.26 12:23:22][cardinal.py][850]> I: Хэндлеры из tg_bot.authorized_users_cp.py зарегистрированы.
[21.06.26 12:23:22][cardinal.py][850]> I: Хэндлеры из tg_bot.proxy_cp.py зарегистрированы.
[21.06.26 12:23:22][cardinal.py][850]> I: Хэндлеры из tg_bot.default_cp.py зарегистрированы.
[21.06.26 12:23:27][bot.py][1273]> I: Telegram бот @funpayTigSamCard_bot запущен.
[21.06.26 12:23:30][cardinal.py][222]> I: 
[21.06.26 12:23:30][cardinal.py][222]> I: ------------------------------------------------------------
[21.06.26 12:23:30][cardinal.py][222]> I: * Добрый день, TigSam.                                     *
[21.06.26 12:23:30][cardinal.py][222]> I: * Ваш ID: 11433510.                                        *
[21.06.26 12:23:30][cardinal.py][222]> I: * Ваш текущий баланс: 1185.7 RUB | 0.0 USD | 0.0 EUR       *
[21.06.26 12:23:30][cardinal.py][222]> I: * Текущие незавершенные сделки: 32.                        *
[21.06.26 12:23:30][cardinal.py][222]> I: * Удачной торговли!                                        *
[21.06.26 12:23:30][cardinal.py][222]> I: ------------------------------------------------------------
[21.06.26 12:23:30][cardinal.py][222]> I: 
[21.06.26 12:23:30][cardinal.py][248]> I: Получаю данные о лотах и категориях...
[21.06.26 12:23:30][cardinal.py][273]> I: Обновил информацию о лотах (12) и категориях (2) профиля.
[21.06.26 12:23:30][cardinal.py][277]> I: Обновил информацию о лотах (12) и категориях (2) профиля (TG ПУ).
[21.06.26 12:23:30][cardinal.py][610]> I: Цикл автоподнятия лотов запущен (это не значит, что автоподнятие лотов включено).
[21.06.26 12:23:30][cardinal.py][628]> I: Цикл обновления сессии запущен.
